<?xml version="1.0" encoding="UTF-8"?>
<testsuites>
<testsuite name="NUnit.Tests.Assemblies.MockTestFixture" tests="6" time="0.000" failures="0" errors="0" skipped="3">
<testcase classname="NUnit.Tests.Assemblies.MockTestFixture" name="MockTest1" time="0.000"/>
<testcase classname="NUnit.Tests.Assemblies.MockTestFixture" name="MockTest2" time="0.000"/>
<testcase classname="NUnit.Tests.Assemblies.MockTestFixture" name="MockTest3" time="0.000"/>
</testsuite>
<testsuite name="NUnit.Tests.IgnoredFixture" tests="3" time="0.000" failures="0" errors="0" skipped="3"/>
<testsuite name="NUnit.Tests.Singletons.OneTestCase" tests="1" time="0.000" failures="0" errors="0" skipped="0">
<testcase classname="NUnit.Tests.Singletons.OneTestCase" name="TestCase" time="0.000"/>
</testsuite>
<testsuite name="NUnit.Tests.TestAssembly.MockTestFixture" tests="1" time="0.000" failures="0" errors="0" skipped="0">
<testcase classname="NUnit.Tests.TestAssembly.MockTestFixture" name="MyTest" time="0.000"/>
</testsuite>
</testsuites>
